// Vitest Snapshot v1, https://vitest.dev/guide/snapshot.html

exports[`Home > renders correctly (snapshot) 1`] = `
<div>
  <div
    class="_container_345077"
  >
    <section>
      <h2>
        Home Page
      </h2>
      <p>
        Asperiores at qui reprehenderit voluptas sed et. Quod voluptatem eius eum dolorum molestiae quos quas. Vero enim consectetur nihil minima.
      </p>
      <p>
        Aut dolorem et ut est totam omnis. Facilis et eos expedita. Consequatur maiores magni dolorem. Est non asperiores blanditiis perferendis.
      </p>
      <p>
        Corrupti quas et necessitatibus. Aut ab sit deserunt placeat aut iste nemo. Aspernatur dignissimos accusamus qui aut nam temporibus voluptatibus. Ratione velit quidem esse ut vero fugiat. Aliquam accusantium et omnis sit veritatis sit et accusamus. Eum esse unde recusandae aut aut harum.
      </p>
      <p>
        Velit eligendi omnis aliquid. Sapiente in dolorum commodi commodi. Sed quaerat iusto deserunt at repellendus. Ullam totam libero est excepturi. Voluptates unde ut minima qui. Nihil exercitationem provident excepturi qui iure officia ex itaque.
      </p>
    </section>
    <section>
      <h2>
        Extra Information
      </h2>
      <p>
        Asperiores at qui reprehenderit voluptas sed et. Quod voluptatem eius eum dolorum molestiae quos quas. Vero enim consectetur nihil minima.
      </p>
      <p>
        Aut dolorem et ut est totam omnis. Facilis et eos expedita. Consequatur maiores magni dolorem. Est non asperiores blanditiis perferendis.
      </p>
      <p>
        Corrupti quas et necessitatibus. Aut ab sit deserunt placeat aut iste nemo. Aspernatur dignissimos accusamus qui aut nam temporibus voluptatibus. Ratione velit quidem esse ut vero fugiat. Aliquam accusantium et omnis sit veritatis sit et accusamus. Eum esse unde recusandae aut aut harum.
      </p>
      <p>
        Velit eligendi omnis aliquid. Sapiente in dolorum commodi commodi. Sed quaerat iusto deserunt at repellendus. Ullam totam libero est excepturi. Voluptates unde ut minima qui. Nihil exercitationem provident excepturi qui iure officia ex itaque.
      </p>
    </section>
    <section>
      <h2>
        Conclusion
      </h2>
      <p>
        Asperiores at qui reprehenderit voluptas sed et. Quod voluptatem eius eum dolorum molestiae quos quas. Vero enim consectetur nihil minima.
      </p>
      <p>
        Aut dolorem et ut est totam omnis. Facilis et eos expedita. Consequatur maiores magni dolorem. Est non asperiores blanditiis perferendis.
      </p>
      <p>
        Corrupti quas et necessitatibus. Aut ab sit deserunt placeat aut iste nemo. Aspernatur dignissimos accusamus qui aut nam temporibus voluptatibus. Ratione velit quidem esse ut vero fugiat. Aliquam accusantium et omnis sit veritatis sit et accusamus. Eum esse unde recusandae aut aut harum.
      </p>
      <p>
        Velit eligendi omnis aliquid. Sapiente in dolorum commodi commodi. Sed quaerat iusto deserunt at repellendus. Ullam totam libero est excepturi. Voluptates unde ut minima qui. Nihil exercitationem provident excepturi qui iure officia ex itaque.
      </p>
    </section>
  </div>
</div>
`;
